// Jest Snapshot v1, https://goo.gl/fbAQLP

exports[`Pruebas unitarias en componente CounterApp.js se debe mostrar <CounterApp /> correctamente 1`] = `
<Fragment>
  <h1>
    CounterApp
  </h1>
  <h2>
    123
  </h2>
  <button
    onClick={[Function]}
  >
    +1
  </button>
  <button
    onClick={[Function]}
  >
    Reset
  </button>
  <button
    onClick={[Function]}
  >
    -1
  </button>
</Fragment>
`;
